../FATFS/Target/user_diskio.c:96:13:SPI_RW	32	static
../FATFS/Target/user_diskio.c:103:13:SD_CS_LOW	8	static
../FATFS/Target/user_diskio.c:108:13:SD_CS_HIGH	8	static
../FATFS/Target/user_diskio.c:114:16:SD_isCardPresent	8	static
../FATFS/Target/user_diskio.c:120:13:SD_Deselect	8	static
../FATFS/Target/user_diskio.c:127:16:SD_ReadyWait	16	static
../FATFS/Target/user_diskio.c:141:16:SD_Select	8	static
../FATFS/Target/user_diskio.c:158:13:SD_SendCmd	32	static
../FATFS/Target/user_diskio.c:208:16:SD_RxDataBlock	32	static
../FATFS/Target/user_diskio.c:239:16:SD_TxDataBlock	32	static
../FATFS/Target/user_diskio.c:272:9:USER_initialize	40	static
../FATFS/Target/user_diskio.c:383:9:USER_status	16	static
../FATFS/Target/user_diskio.c:402:9:USER_read	32	static
../FATFS/Target/user_diskio.c:453:9:USER_write	32	static
../FATFS/Target/user_diskio.c:502:9:USER_ioctl	56	static
