../FATFS/Target/user_diskio.c:95:13:SPI_RW	32	static
../FATFS/Target/user_diskio.c:102:13:SD_CS_LOW	8	static
../FATFS/Target/user_diskio.c:107:13:SD_CS_HIGH	8	static
../FATFS/Target/user_diskio.c:113:16:SD_isCardPresent	8	static
../FATFS/Target/user_diskio.c:119:13:SD_Deselect	8	static
../FATFS/Target/user_diskio.c:126:16:SD_ReadyWait	16	static
../FATFS/Target/user_diskio.c:140:16:SD_Select	8	static
../FATFS/Target/user_diskio.c:157:13:SD_SendCmd	32	static
../FATFS/Target/user_diskio.c:207:16:SD_RxDataBlock	544	static
../FATFS/Target/user_diskio.c:238:16:SD_TxDataBlock	544	static
../FATFS/Target/user_diskio.c:271:9:USER_initialize	40	static
../FATFS/Target/user_diskio.c:356:9:USER_status	16	static
../FATFS/Target/user_diskio.c:375:9:USER_read	24	static
../FATFS/Target/user_diskio.c:420:9:USER_write	24	static
../FATFS/Target/user_diskio.c:463:9:USER_ioctl	56	static
