../Drivers/CMSIS/Include/core_cm4.h:2064:26:ITM_SendChar	4
../Core/Src/main.c:102:5:_write	2
../Core/Src/main.c:117:5:main	1
../Core/Src/main.c:250:6:SystemClock_Config	3
../Core/Src/main.c:292:13:MX_SPI1_Init	2
../Core/Src/main.c:330:13:MX_SPI2_Init	2
../Core/Src/main.c:368:13:MX_SPI3_Init	2
../Core/Src/main.c:406:13:MX_TIM3_Init	4
../Core/Src/main.c:451:13:MX_USART1_UART_Init	2
../Core/Src/main.c:484:13:MX_GPIO_Init	1
../Core/Src/main.c:552:6:HAL_GPIO_EXTI_Callback	3
../Core/Src/main.c:572:6:StartDefaultTask	1
../Core/Src/main.c:640:6:HAL_TIM_PeriodElapsedCallback	2
../Core/Src/main.c:658:6:Error_Handler	1
