../Core/Src/main.c:79:5:main	80	static
../Core/Src/main.c:166:6:SystemClock_Config	88	static
../Core/Src/main.c:213:13:MX_SPI1_Init	8	static
../Core/Src/main.c:251:13:MX_TIM3_Init	32	static
../Core/Src/main.c:296:13:MX_USART1_UART_Init	8	static
../Core/Src/main.c:329:13:MX_USART2_UART_Init	8	static
../Core/Src/main.c:362:13:MX_GPIO_Init	48	static
../Core/Src/main.c:417:6:StartSPITask	24	static
../Core/Src/main.c:429:6:SPI_Send_Packet	16	static
../Core/Src/main.c:447:6:StartDefaultTask	16	static
../Core/Src/main.c:466:6:HAL_TIM_PeriodElapsedCallback	16	static
../Core/Src/main.c:484:6:Error_Handler	4	static,ignoring_inline_asm
