../Drivers/CMSIS/Include/core_cm4.h:2064:26:ITM_SendChar	16	static,ignoring_inline_asm
../Core/Src/main.c:103:5:_write	32	static
../Core/Src/main.c:118:5:main	48	static
../Core/Src/main.c:257:6:SystemClock_Config	88	static
../Core/Src/main.c:299:13:MX_SPI1_Init	8	static
../Core/Src/main.c:337:13:MX_SPI3_Init	8	static
../Core/Src/main.c:375:13:MX_TIM3_Init	32	static
../Core/Src/main.c:420:13:MX_USART1_UART_Init	8	static
../Core/Src/main.c:453:13:MX_GPIO_Init	40	static
../Core/Src/main.c:504:6:HAL_GPIO_EXTI_Callback	16	static
../Core/Src/main.c:521:6:StartDefaultTask	16	static
../Core/Src/main.c:540:6:HAL_TIM_PeriodElapsedCallback	16	static
../Core/Src/main.c:558:6:Error_Handler	4	static,ignoring_inline_asm
