../Drivers/CMSIS/Include/core_cm4.h:2064:26:ITM_SendChar	4
../Core/Src/main.c:78:5:_write	2
../Core/Src/main.c:93:5:main	1
../Core/Src/main.c:158:6:SystemClock_Config	3
../Core/Src/main.c:200:13:MX_SPI1_Init	2
../Core/Src/main.c:238:13:MX_SPI3_Init	2
../Core/Src/main.c:276:13:MX_TIM3_Init	4
../Core/Src/main.c:321:13:MX_USART1_UART_Init	2
../Core/Src/main.c:354:13:MX_GPIO_Init	1
../Core/Src/main.c:404:6:HAL_GPIO_EXTI_Callback	2
../Core/Src/main.c:422:6:HAL_TIM_PeriodElapsedCallback	2
../Core/Src/main.c:440:6:Error_Handler	1
