2026-05-14 11:42:10,416 [ERROR] LogOutputStream:75 - [STDERR_REDIRECT] 
2026-05-14 11:30:30,655 [INFO] Activator:176 - 


2026-05-14 11:30:30,663 [INFO] Activator:177 - !SESSION log4j initialized
2026-05-14 11:30:40,226 [INFO] LogOutputStream:77 - [STDOUT_REDIRECT] 
2026-05-14 11:30:42,406 [INFO] ApplicationProperties:184 - Using Application install path: C:\ST\STM32CubeIDE_1.18.1\STM32CubeIDE\plugins\com.st.stm32cube.common.mx_6.14.1.202504091515
2026-05-14 11:30:42,443 [INFO] DbMcusXml:78 - Set database path to: C:\ST\STM32CubeIDE_1.18.1\STM32CubeIDE\plugins\com.st.stm32cube.common.mx_6.14.1.202504091515\\db\/mcu/
2026-05-14 11:30:42,444 [INFO] ApiDb:274 - Set plugin database path to: C:\ST\STM32CubeIDE_1.18.1\STM32CubeIDE\plugins\com.st.stm32cube.common.mx_6.14.1.202504091515\\db\/plugins/boardmanager/
2026-05-14 11:30:42,444 [WARN] ApiDb:259 - Overriding images path with different value:  => C:\ST\STM32CubeIDE_1.18.1\STM32CubeIDE\plugins\com.st.stm32cube.common.mx_6.14.1.202504091515\\db\/plugins/mcufinder/images/
2026-05-14 11:30:42,466 [INFO] ApiDb:250 - Set database path to: C:\Users\mailm\.stmcufinder\plugins\mcufinder//mcu/
2026-05-14 11:30:42,469 [INFO] DbMcusAds:125 - Set database path to: C:\Users\mailm\.stmcufinder\plugins\mcufinder//mcu/
2026-05-14 11:30:42,474 [INFO] CrossReferenceDbSqlite:203 - Set database path to: C:\Users\mailm\.stmcufinder\plugins\mcufinder//mcu/cs/
2026-05-14 11:30:42,747 [INFO] RulesReader:64 - Compatibility file has been processed (302 Rules)
2026-05-14 11:30:42,946 [INFO] DbMcusXml:78 - Set database path to: C:\ST\STM32CubeIDE_1.18.1\STM32CubeIDE\plugins\com.st.stm32cube.common.mx_6.14.1.202504091515\\db\/mcu/
2026-05-14 11:30:42,946 [INFO] ApiDb:274 - Set plugin database path to: C:\ST\STM32CubeIDE_1.18.1\STM32CubeIDE\plugins\com.st.stm32cube.common.mx_6.14.1.202504091515\\db\/plugins/boardmanager/
2026-05-14 11:30:42,947 [INFO] ApiDb:261 - Set plugin images path to: C:\ST\STM32CubeIDE_1.18.1\STM32CubeIDE\plugins\com.st.stm32cube.common.mx_6.14.1.202504091515\\db\/plugins/mcufinder/images/
2026-05-14 11:30:42,947 [WARN] DbFile:41 - Overriding database path with different value: C:\Users\mailm\.stmcufinder\plugins\mcufinder/ => C:\Users\mailm\.stmcufinder\plugins\mcufinder
2026-05-14 11:30:42,947 [INFO] ApiDb:250 - Set database path to: C:\Users\mailm\.stmcufinder\plugins\mcufinder//mcu/
2026-05-14 11:30:42,948 [WARN] DbFile:41 - Overriding database path with different value: C:\Users\mailm\.stmcufinder\plugins\mcufinder/ => C:\Users\mailm\.stmcufinder\plugins\mcufinder
2026-05-14 11:30:42,948 [INFO] DbMcusAds:125 - Set database path to: C:\Users\mailm\.stmcufinder\plugins\mcufinder//mcu/
2026-05-14 11:30:42,948 [WARN] DbFile:41 - Overriding database path with different value: C:\Users\mailm\.stmcufinder\plugins\mcufinder/ => C:\Users\mailm\.stmcufinder\plugins\mcufinder
2026-05-14 11:30:42,948 [WARN] DbFile:41 - Overriding database path with different value: C:\Users\mailm\.stmcufinder\plugins\mcufinder/ => C:\Users\mailm\.stmcufinder\plugins\mcufinder
2026-05-14 11:30:42,948 [INFO] CrossReferenceDbSqlite:203 - Set database path to: C:\Users\mailm\.stmcufinder\plugins\mcufinder//mcu/cs/
2026-05-14 11:30:43,105 [INFO] MainPanel:272 - HeapMemory: 268435456
2026-05-14 11:30:43,369 [INFO] DbMcusXml:78 - Set database path to: C:\ST\STM32CubeIDE_1.18.1\STM32CubeIDE\plugins\com.st.stm32cube.common.mx_6.14.1.202504091515\\db\/mcu/
2026-05-14 11:30:43,370 [INFO] ApiDb:274 - Set plugin database path to: C:\ST\STM32CubeIDE_1.18.1\STM32CubeIDE\plugins\com.st.stm32cube.common.mx_6.14.1.202504091515\\db\/plugins/boardmanager/
2026-05-14 11:30:43,370 [INFO] ApiDb:261 - Set plugin images path to: C:\ST\STM32CubeIDE_1.18.1\STM32CubeIDE\plugins\com.st.stm32cube.common.mx_6.14.1.202504091515\\db\/plugins/mcufinder/images/
2026-05-14 11:30:43,371 [WARN] DbFile:41 - Overriding database path with different value: C:\Users\mailm\.stmcufinder\plugins\mcufinder/ => C:\Users\mailm\.stmcufinder\plugins\mcufinder
2026-05-14 11:30:43,371 [INFO] ApiDb:250 - Set database path to: C:\Users\mailm\.stmcufinder\plugins\mcufinder//mcu/
2026-05-14 11:30:43,371 [WARN] DbFile:41 - Overriding database path with different value: C:\Users\mailm\.stmcufinder\plugins\mcufinder/ => C:\Users\mailm\.stmcufinder\plugins\mcufinder
2026-05-14 11:30:43,371 [INFO] DbMcusAds:125 - Set database path to: C:\Users\mailm\.stmcufinder\plugins\mcufinder//mcu/
2026-05-14 11:30:43,372 [WARN] DbFile:41 - Overriding database path with different value: C:\Users\mailm\.stmcufinder\plugins\mcufinder/ => C:\Users\mailm\.stmcufinder\plugins\mcufinder
2026-05-14 11:30:43,372 [WARN] DbFile:41 - Overriding database path with different value: C:\Users\mailm\.stmcufinder\plugins\mcufinder/ => C:\Users\mailm\.stmcufinder\plugins\mcufinder
2026-05-14 11:30:43,372 [INFO] CrossReferenceDbSqlite:203 - Set database path to: C:\Users\mailm\.stmcufinder\plugins\mcufinder//mcu/cs/
2026-05-14 11:30:43,420 [INFO] ApplicationProperties:184 - Using Application install path: C:\ST\STM32CubeIDE_1.18.1\STM32CubeIDE\plugins\com.st.stm32cube.common.mx_6.14.1.202504091515
2026-05-14 11:30:43,423 [INFO] PluginManage:196 - Search for loadable plugins [exclusion list=, ]
2026-05-14 11:30:43,427 [INFO] PluginManage:310 - Check plugin analytics
2026-05-14 11:30:43,867 [INFO] AnalyticsPlugin:253 - Accepted Software Licenses: STM32CubeMX.6.17.0
2026-05-14 11:30:43,868 [INFO] AnalyticsPlugin:255 - Accepted CMSIS Pack Licenses: 
2026-05-14 11:30:43,868 [INFO] AnalyticsPlugin:257 - Accepted Firmware Licenses: FW.F4.1.28.0
2026-05-14 11:30:43,876 [INFO] PluginManage:359 - Loaded plugin analytics (category:tool,tabindex:-1)
2026-05-14 11:30:43,877 [INFO] PluginManage:310 - Check plugin cadmodel
2026-05-14 11:30:43,889 [INFO] CADModel:105 - Init CAD model plugin
2026-05-14 11:30:43,890 [INFO] PluginManage:359 - Loaded plugin cadmodel (category:power,tabindex:5)
2026-05-14 11:30:43,890 [INFO] PluginManage:310 - Check plugin clock
2026-05-14 11:30:43,912 [INFO] PluginManage:359 - Loaded plugin clock (category:base,tabindex:2)
2026-05-14 11:30:43,913 [INFO] PluginManage:310 - Check plugin ddr
2026-05-14 11:30:43,919 [INFO] PluginManage:359 - Loaded plugin ddr (category:tool,tabindex:6)
2026-05-14 11:30:43,920 [INFO] PluginManage:310 - Check plugin filemanager
2026-05-14 11:30:44,243 [INFO] PluginManage:359 - Loaded plugin filemanager (category:base,tabindex:10)
2026-05-14 11:30:44,243 [INFO] PluginManage:310 - Check plugin ipmanager
2026-05-14 11:30:44,261 [INFO] PluginManage:359 - Loaded plugin ipmanager (category:base,tabindex:5)
2026-05-14 11:30:44,261 [INFO] PluginManage:310 - Check plugin lpbam
2026-05-14 11:30:44,281 [INFO] PluginManage:359 - Loaded plugin lpbam (category:base,tabindex:0)
2026-05-14 11:30:44,282 [INFO] PluginManage:310 - Check plugin memorymap
2026-05-14 11:30:44,323 [INFO] PluginManage:359 - Loaded plugin memorymap (category:base,tabindex:4)
2026-05-14 11:30:44,323 [INFO] PluginManage:310 - Check plugin pinoutandconfiguration
2026-05-14 11:30:44,346 [INFO] PluginManage:359 - Loaded plugin pinoutandconfiguration (category:base,tabindex:1)
2026-05-14 11:30:44,346 [INFO] PluginManage:310 - Check plugin pinoutconfig
2026-05-14 11:30:44,590 [WARN] SupportedApi:132 - Cannot load RTOS API schema: s4s-elt-must-match.1: The content of 'definitions' must match (annotation?, (simpleType | complexType)?, (unique | key | keyref)*)). A problem was found starting at: attribute.
2026-05-14 11:30:44,906 [INFO] PluginManage:359 - Loaded plugin pinoutconfig (category:base,tabindex:0)
2026-05-14 11:30:44,906 [INFO] PluginManage:310 - Check plugin power
2026-05-14 11:30:44,928 [INFO] PluginManage:359 - Loaded plugin power (category:power,tabindex:4)
2026-05-14 11:30:44,928 [INFO] PluginManage:310 - Check plugin projectmanager
2026-05-14 11:30:44,957 [INFO] PluginManage:359 - Loaded plugin projectmanager (category:projectmanager,tabindex:4)
2026-05-14 11:30:44,957 [INFO] PluginManage:310 - Check plugin rif
2026-05-14 11:30:44,971 [INFO] PluginManage:359 - Loaded plugin rif (category:base,tabindex:3)
2026-05-14 11:30:44,972 [INFO] PluginManage:310 - Check plugin thirdparty
2026-05-14 11:30:45,268 [INFO] PluginManage:359 - Loaded plugin thirdparty (category:base,tabindex:-1)
2026-05-14 11:30:45,268 [INFO] PluginManage:310 - Check plugin tools
2026-05-14 11:30:45,268 [WARN] IntegrityCheckThread:84 - waiting for thirdparty lock release [integrity check]
2026-05-14 11:30:45,269 [INFO] IntegrityCheckThread:86 - entering critical section [integrity check]
2026-05-14 11:30:45,269 [INFO] ThirdPartyUpdaterWithRetryManager:70 - Updater plugin not ready yet. [1/15]
2026-05-14 11:30:45,275 [INFO] PluginManage:359 - Loaded plugin tools (category:base,tabindex:7)
2026-05-14 11:30:45,275 [INFO] PluginManage:310 - Check plugin tutovideos
2026-05-14 11:30:45,701 [INFO] PluginManage:359 - Loaded plugin tutovideos (category:base,tabindex:-1)
2026-05-14 11:30:45,701 [INFO] PluginManage:310 - Check plugin updater
2026-05-14 11:30:45,744 [INFO] PluginManage:359 - Loaded plugin updater (category:base,tabindex:12)
2026-05-14 11:30:45,744 [INFO] PluginManage:310 - Check plugin userauth
2026-05-14 11:30:45,753 [INFO] UserAuth:118 - Init User Auth plugin
2026-05-14 11:30:45,754 [INFO] PluginManage:359 - Loaded plugin userauth (category:base,tabindex:14)
2026-05-14 11:30:45,755 [INFO] PluginManage:283 - PluginManage : Loaded plugins [18]
2026-05-14 11:30:46,224 [INFO] PinOutPanel:1589 - setPackage(No Configuration,No Configuration)
2026-05-14 11:30:46,448 [INFO] CADModel:165 - CPN selected for project level
2026-05-14 11:30:46,448 [INFO] CADModel:114 - Register for checkConnection events
2026-05-14 11:30:46,485 [INFO] IPUIPlugin:80 - create IPUIPlugin
2026-05-14 11:30:46,486 [INFO] PluginManager:220 - loadIPPluginJar : add adc
2026-05-14 11:30:46,491 [INFO] IPUIPlugin:80 - create IPUIPlugin
2026-05-14 11:30:46,491 [INFO] PluginManager:220 - loadIPPluginJar : add aes
2026-05-14 11:30:46,499 [INFO] IPUIPlugin:80 - create IPUIPlugin
2026-05-14 11:30:46,499 [INFO] PluginManager:220 - loadIPPluginJar : add can
2026-05-14 11:30:46,503 [INFO] IPUIPlugin:80 - create IPUIPlugin
2026-05-14 11:30:46,503 [INFO] PluginManager:220 - loadIPPluginJar : add comp
2026-05-14 11:30:46,509 [INFO] IPUIPlugin:80 - create IPUIPlugin
2026-05-14 11:30:46,509 [INFO] PluginManager:220 - loadIPPluginJar : add cryp
2026-05-14 11:30:46,516 [INFO] IPUIPlugin:80 - create IPUIPlugin
2026-05-14 11:30:46,516 [INFO] PluginManager:220 - loadIPPluginJar : add ddr_ctrl_phy
2026-05-14 11:30:46,521 [INFO] IPUIPlugin:80 - create IPUIPlugin
2026-05-14 11:30:46,522 [INFO] PluginManager:220 - loadIPPluginJar : add dfsdm
2026-05-14 11:30:46,530 [INFO] IPUIPlugin:80 - create IPUIPlugin
2026-05-14 11:30:46,532 [INFO] PluginManager:220 - loadIPPluginJar : add dma
2026-05-14 11:30:46,538 [INFO] IPUIPlugin:80 - create IPUIPlugin
2026-05-14 11:30:46,538 [INFO] PluginManager:220 - loadIPPluginJar : add dma3
2026-05-14 11:30:46,545 [INFO] IPUIPlugin:80 - create IPUIPlugin
2026-05-14 11:30:46,545 [INFO] PluginManager:220 - loadIPPluginJar : add extmemmanager
2026-05-14 11:30:46,548 [INFO] IPUIPlugin:80 - create IPUIPlugin
2026-05-14 11:30:46,548 [INFO] PluginManager:220 - loadIPPluginJar : add fatfs
2026-05-14 11:30:46,556 [INFO] IPUIPlugin:80 - create IPUIPlugin
2026-05-14 11:30:46,556 [INFO] PluginManager:220 - loadIPPluginJar : add fmc
2026-05-14 11:30:46,572 [INFO] IPUIPlugin:80 - create IPUIPlugin
2026-05-14 11:30:46,573 [INFO] PluginManager:220 - loadIPPluginJar : add freertos
2026-05-14 11:30:46,576 [INFO] IPUIPlugin:80 - create IPUIPlugin
2026-05-14 11:30:46,576 [INFO] PluginManager:220 - loadIPPluginJar : add genericplugin
2026-05-14 11:30:46,581 [INFO] IPUIPlugin:80 - create IPUIPlugin
2026-05-14 11:30:46,581 [INFO] PluginManager:220 - loadIPPluginJar : add gfxmmu
2026-05-14 11:30:46,591 [INFO] IPUIPlugin:80 - create IPUIPlugin
2026-05-14 11:30:46,591 [INFO] PluginManager:220 - loadIPPluginJar : add gic
2026-05-14 11:30:46,600 [INFO] IPUIPlugin:80 - create IPUIPlugin
2026-05-14 11:30:46,601 [INFO] PluginManager:220 - loadIPPluginJar : add gpio
2026-05-14 11:30:46,607 [INFO] IPUIPlugin:80 - create IPUIPlugin
2026-05-14 11:30:46,607 [INFO] PluginManager:220 - loadIPPluginJar : add gtzc
2026-05-14 11:30:46,612 [INFO] IPUIPlugin:80 - create IPUIPlugin
2026-05-14 11:30:46,612 [INFO] PluginManager:220 - loadIPPluginJar : add hash
2026-05-14 11:30:46,618 [INFO] IPUIPlugin:80 - create IPUIPlugin
2026-05-14 11:30:46,618 [INFO] PluginManager:220 - loadIPPluginJar : add i2c
2026-05-14 11:30:46,624 [INFO] IPUIPlugin:80 - create IPUIPlugin
2026-05-14 11:30:46,624 [INFO] PluginManager:220 - loadIPPluginJar : add i2s
2026-05-14 11:30:46,630 [INFO] IPUIPlugin:80 - create IPUIPlugin
2026-05-14 11:30:46,630 [INFO] PluginManager:220 - loadIPPluginJar : add i3c
2026-05-14 11:30:46,635 [INFO] IPUIPlugin:80 - create IPUIPlugin
2026-05-14 11:30:46,636 [INFO] PluginManager:220 - loadIPPluginJar : add ipddr
2026-05-14 11:30:46,646 [INFO] IPUIPlugin:80 - create IPUIPlugin
2026-05-14 11:30:46,647 [INFO] PluginManager:220 - loadIPPluginJar : add linkedlist
2026-05-14 11:30:46,655 [INFO] IPUIPlugin:80 - create IPUIPlugin
2026-05-14 11:30:46,655 [INFO] PluginManager:220 - loadIPPluginJar : add lorawan
2026-05-14 11:30:46,659 [INFO] IPUIPlugin:80 - create IPUIPlugin
2026-05-14 11:30:46,659 [INFO] PluginManager:220 - loadIPPluginJar : add ltdc
2026-05-14 11:30:46,672 [INFO] IPUIPlugin:80 - create IPUIPlugin
2026-05-14 11:30:46,672 [INFO] PluginManager:220 - loadIPPluginJar : add mdma
2026-05-14 11:30:46,678 [INFO] IPUIPlugin:80 - create IPUIPlugin
2026-05-14 11:30:46,679 [INFO] PluginManager:220 - loadIPPluginJar : add nvic
2026-05-14 11:30:46,686 [INFO] IPUIPlugin:80 - create IPUIPlugin
2026-05-14 11:30:46,686 [INFO] PluginManager:220 - loadIPPluginJar : add opamp
2026-05-14 11:30:46,692 [INFO] IPUIPlugin:80 - create IPUIPlugin
2026-05-14 11:30:46,693 [INFO] PluginManager:220 - loadIPPluginJar : add openamp
2026-05-14 11:30:46,699 [INFO] IPUIPlugin:80 - create IPUIPlugin
2026-05-14 11:30:46,699 [INFO] PluginManager:220 - loadIPPluginJar : add pdm2pcm
2026-05-14 11:30:46,710 [INFO] IPUIPlugin:80 - create IPUIPlugin
2026-05-14 11:30:46,716 [INFO] PluginManager:220 - loadIPPluginJar : add plateformsettings
2026-05-14 11:30:46,720 [INFO] IPUIPlugin:80 - create IPUIPlugin
2026-05-14 11:30:46,720 [INFO] PluginManager:220 - loadIPPluginJar : add quadspi
2026-05-14 11:30:46,724 [INFO] IPUIPlugin:80 - create IPUIPlugin
2026-05-14 11:30:46,725 [INFO] PluginManager:220 - loadIPPluginJar : add radio
2026-05-14 11:30:46,734 [INFO] IPUIPlugin:80 - create IPUIPlugin
2026-05-14 11:30:46,734 [INFO] PluginManager:220 - loadIPPluginJar : add resmgrutility
2026-05-14 11:30:46,741 [INFO] IPUIPlugin:80 - create IPUIPlugin
2026-05-14 11:30:46,741 [INFO] PluginManager:220 - loadIPPluginJar : add sai
2026-05-14 11:30:46,747 [INFO] IPUIPlugin:80 - create IPUIPlugin
2026-05-14 11:30:46,748 [INFO] PluginManager:220 - loadIPPluginJar : add spi
2026-05-14 11:30:46,760 [INFO] IPUIPlugin:80 - create IPUIPlugin
2026-05-14 11:30:46,760 [INFO] PluginManager:220 - loadIPPluginJar : add stm32_wpan
2026-05-14 11:30:46,765 [INFO] IPUIPlugin:80 - create IPUIPlugin
2026-05-14 11:30:46,765 [INFO] PluginManager:220 - loadIPPluginJar : add tim
2026-05-14 11:30:46,772 [INFO] IPUIPlugin:80 - create IPUIPlugin
2026-05-14 11:30:46,772 [INFO] PluginManager:220 - loadIPPluginJar : add touchsensing
2026-05-14 11:30:46,777 [INFO] IPUIPlugin:80 - create IPUIPlugin
2026-05-14 11:30:46,777 [INFO] PluginManager:220 - loadIPPluginJar : add tracer_emb
2026-05-14 11:30:46,781 [INFO] IPUIPlugin:80 - create IPUIPlugin
2026-05-14 11:30:46,781 [INFO] PluginManager:220 - loadIPPluginJar : add ts
2026-05-14 11:30:46,786 [INFO] IPUIPlugin:80 - create IPUIPlugin
2026-05-14 11:30:46,786 [INFO] PluginManager:220 - loadIPPluginJar : add tsc
2026-05-14 11:30:46,790 [INFO] IPUIPlugin:80 - create IPUIPlugin
2026-05-14 11:30:46,790 [INFO] PluginManager:220 - loadIPPluginJar : add ucpd
2026-05-14 11:30:46,797 [INFO] IPUIPlugin:80 - create IPUIPlugin
2026-05-14 11:30:46,797 [INFO] PluginManager:220 - loadIPPluginJar : add usart
2026-05-14 11:30:46,805 [INFO] IPUIPlugin:80 - create IPUIPlugin
2026-05-14 11:30:46,805 [INFO] PluginManager:220 - loadIPPluginJar : add usbx
2026-05-14 11:30:47,006 [FATAL] Updater:351 - Updater called before beeing initialized
2026-05-14 11:30:47,066 [INFO] RulesReader:64 - Compatibility file has been processed (302 Rules)
2026-05-14 11:30:47,095 [INFO] RulesReader:64 - Compatibility file has been processed (302 Rules)
2026-05-14 11:30:47,108 [INFO] CADModel:165 - CPN selected for project level
2026-05-14 11:30:47,108 [INFO] CADModel:114 - Register for checkConnection events
2026-05-14 11:30:47,108 [FATAL] Updater:351 - Updater called before beeing initialized
2026-05-14 11:30:47,108 [ERROR] CADModel:125 - Updater not yet initialized, retry later 
2026-05-14 11:30:47,439 [FATAL] Updater:351 - Updater called before beeing initialized
2026-05-14 11:30:47,442 [INFO] CADModel:165 - CPN selected for project level
2026-05-14 11:30:47,442 [INFO] CADModel:114 - Register for checkConnection events
2026-05-14 11:30:47,442 [FATAL] Updater:351 - Updater called before beeing initialized
2026-05-14 11:30:47,442 [ERROR] CADModel:125 - Updater not yet initialized, retry later 
2026-05-14 11:30:47,449 [FATAL] Updater:351 - Updater called before beeing initialized
2026-05-14 11:30:47,659 [FATAL] Updater:351 - Updater called before beeing initialized
2026-05-14 11:30:47,669 [INFO] DbMcusAds:53 - JSON generation date=Mon Apr 27 20:14:29 NZST 2026 (1777277669577)
2026-05-14 11:30:47,669 [FATAL] Updater:351 - Updater called before beeing initialized
2026-05-14 11:30:47,743 [WARN] DetailPanel:346 - Failed to get advertising image, set to default
2026-05-14 11:30:48,271 [INFO] ThirdPartyUpdaterWithRetryManager:70 - Updater plugin not ready yet. [2/15]
2026-05-14 11:30:48,318 [FATAL] Updater:351 - Updater called before beeing initialized
2026-05-14 11:30:48,324 [FATAL] Updater:351 - Updater called before beeing initialized
2026-05-14 11:30:48,324 [FATAL] Updater:351 - Updater called before beeing initialized
2026-05-14 11:30:48,324 [WARN] DetailPanel:346 - Failed to get advertising image, set to default
2026-05-14 11:30:48,326 [FATAL] Updater:351 - Updater called before beeing initialized
2026-05-14 11:30:48,417 [ERROR] Updater:1198 - MainUpdater not yet initialized. External WinMGr cannot be set.
2026-05-14 11:30:48,420 [INFO] Updater:1134 - Updater Version found : 6.14.1
2026-05-14 11:30:48,459 [INFO] ApplicationProperties:184 - Using Application install path: C:\ST\STM32CubeIDE_1.18.1\STM32CubeIDE\plugins\com.st.stm32cube.common.mx_6.14.1.202504091515
2026-05-14 11:30:50,054 [ERROR] LogOutputStream:75 - [STDERR_REDIRECT] May 14, 2026 11:30:50 AM java.util.prefs.WindowsPreferences <init>
2026-05-14 11:30:50,056 [ERROR] LogOutputStream:75 - [STDERR_REDIRECT] WARNING: Could not open/create prefs root node Software\JavaSoft\Prefs at root 0xffffffff80000002. Windows RegCreateKeyEx(...) returned error code 5.
2026-05-14 11:30:50,058 [ERROR] LogOutputStream:75 - [STDERR_REDIRECT] 
2026-05-14 11:30:50,754 [INFO] MainUpdater:2872 - connection check result : 10
2026-05-14 11:30:50,756 [INFO] MainUpdater:289 - Updater Check For Update Now.
2026-05-14 11:30:50,756 [INFO] MicroXplorer:498 - Change Database Version : DB.6.0.141
2026-05-14 11:30:50,773 [INFO] McuFinderGlobals:63 - Set McuFinder mode to 2 (CubeIDE integrated)
2026-05-14 11:30:50,773 [INFO] UserAuth:171 - activating auth plugin
2026-05-14 11:30:50,781 [INFO] UserAuth:484 - Internet connection configuration mode: 1
2026-05-14 11:30:50,827 [INFO] JxBrowserEngine:152 - Initiate JxBrowser Engine with user profile folder
2026-05-14 11:30:51,045 [INFO] CheckServerUpdateThread:120 - End of CheckServer Thread
2026-05-14 11:30:51,826 [WARN] PackLoader:240 - Cannot read IP mode file for STMicroelectronics.X-CUBE-AZRTOS-H7.3.5.0
2026-05-14 11:30:51,853 [WARN] PackLoader:240 - Cannot read IP mode file for STMicroelectronics.FP-ATR-ASTRA1.2.0.2
2026-05-14 11:30:51,869 [WARN] PackLoader:240 - Cannot read IP mode file for STMicroelectronics.X-CUBE-SMBUS.2.1.0
2026-05-14 11:30:51,912 [WARN] PackLoader:240 - Cannot read IP mode file for STMicroelectronics.X-CUBE-AZRTOS-F7.1.1.0
2026-05-14 11:30:51,926 [ERROR] Engine:466 - C:\Users\mailm\.stm32cubemx\thirdparties\pdsc\STMicroelectronics.FP-SNS-MOTENV1.5.1.0.pdsc: PDSC version is not supported
2026-05-14 11:30:51,933 [ERROR] Engine:466 - C:\Users\mailm\.stm32cubemx\thirdparties\pdsc\WES.I-CUBE-Cesium.1.4.0.pdsc: PDSC version is not supported
2026-05-14 11:30:51,948 [WARN] PackLoader:240 - Cannot read IP mode file for STMicroelectronics.X-CUBE-DISPLAY.3.0.0
2026-05-14 11:30:51,973 [WARN] PackLoader:240 - Cannot read IP mode file for STMicroelectronics.X-CUBE-GNSS1.7.1.1
2026-05-14 11:30:51,980 [ERROR] Engine:466 - C:\Users\mailm\.stm32cubemx\thirdparties\pdsc\STMicroelectronics.FP-SNS-MOTENVWB1.1.5.0.pdsc: PDSC version is not supported
2026-05-14 11:30:51,987 [WARN] PackLoader:240 - Cannot read IP mode file for wolfSSL.I-CUBE-wolfSSL.5.9.1
2026-05-14 11:30:51,998 [WARN] PackLoader:240 - Cannot read IP mode file for STMicroelectronics.X-CUBE-NFC10.1.0.0
2026-05-14 11:30:52,009 [WARN] PackLoader:240 - Cannot read IP mode file for STMicroelectronics.X-CUBE-ST60.1.1.0
2026-05-14 11:30:52,020 [WARN] PackLoader:240 - Cannot read IP mode file for emotas.I-CUBE-CANOPEN.1.3.0
2026-05-14 11:30:52,030 [WARN] PackLoader:240 - Cannot read IP mode file for STMicroelectronics.X-CUBE-GNSS1.7.1.0
2026-05-14 11:30:52,039 [ERROR] Engine:466 - C:\Users\mailm\.stm32cubemx\thirdparties\pdsc\STMicroelectronics.FP-SNS-STBOX1.2.1.0.pdsc: PDSC version is not supported
2026-05-14 11:30:52,048 [WARN] PackLoader:240 - Cannot read IP mode file for STMicroelectronics.FP-SNS-SMARTAG2.1.2.0
2026-05-14 11:30:52,056 [WARN] PackLoader:240 - Cannot read IP mode file for STMicroelectronics.FP-SNS-FLIGHT1.5.1.0
2026-05-14 11:30:52,095 [INFO] LogOutputStream:77 - [STDOUT_REDIRECT] 1 : Invalid condition id : UX_CORESTACK_Condition cause : null
2026-05-14 11:30:52,096 [INFO] LogOutputStream:77 - [STDOUT_REDIRECT] 1 : Invalid condition id : UX_CORESTACK_Condition cause : null
2026-05-14 11:30:52,099 [INFO] LogOutputStream:77 - [STDOUT_REDIRECT] 1 : Invalid condition id : UX_CORESTACK_Condition cause : null
2026-05-14 11:30:52,102 [INFO] LogOutputStream:77 - [STDOUT_REDIRECT] 1 : Invalid condition id : UX_CORESTACK_Condition cause : null
2026-05-14 11:30:52,104 [INFO] LogOutputStream:77 - [STDOUT_REDIRECT] 1 : Invalid condition id : UX_CORESTACK_Condition cause : null
2026-05-14 11:30:52,113 [WARN] PackLoader:240 - Cannot read IP mode file for STMicroelectronics.X-CUBE-AZRTOS-WL.2.0.0
2026-05-14 11:30:52,153 [WARN] PackLoader:240 - Cannot read IP mode file for STMicroelectronics.X-CUBE-AZRTOS-H7RS.1.2.0
2026-05-14 11:30:52,199 [WARN] PackLoader:240 - Cannot read IP mode file for STMicroelectronics.X-CUBE-BLE2.3.3.0
2026-05-14 11:30:52,269 [WARN] PackLoader:240 - Cannot read IP mode file for Infineon.AIROC-Wi-Fi-Bluetooth-STM32.1.8.0
2026-05-14 11:30:52,286 [WARN] PackLoader:240 - Cannot read IP mode file for STMicroelectronics.X-CUBE-NFC9.1.0.0
2026-05-14 11:30:52,298 [WARN] PackLoader:240 - Cannot read IP mode file for STMicroelectronics.X-CUBE-BLE1.7.1.0
2026-05-14 11:30:52,304 [WARN] PackLoader:240 - Cannot read IP mode file for wolfSSL.I-CUBE-wolfMQTT.1.19.2
2026-05-14 11:30:52,315 [WARN] PackLoader:240 - Cannot read IP mode file for STMicroelectronics.X-CUBE-EEPRMA1.5.2.0
2026-05-14 11:30:52,323 [ERROR] Engine:466 - C:\Users\mailm\.stm32cubemx\thirdparties\pdsc\STMicroelectronics.FP-SNS-STAIOTCFT.1.1.0.pdsc: PDSC version is not supported
2026-05-14 11:30:52,393 [WARN] PackLoader:240 - Cannot read IP mode file for STMicroelectronics.X-CUBE-MEMS1.12.0.0
2026-05-14 11:30:52,536 [WARN] PackLoader:240 - Cannot read IP mode file for STMicroelectronics.X-CUBE-AZRTOS-G0.1.1.0
2026-05-14 11:30:52,549 [WARN] PackLoader:240 - Cannot read IP mode file for STMicroelectronics.X-CUBE-NFC4.3.0.0
2026-05-14 11:30:52,565 [WARN] PackLoader:240 - Cannot read IP mode file for EmbeddedOffice.I-CUBE-FS-RTOS.1.0.1
2026-05-14 11:30:52,571 [WARN] PackLoader:240 - Cannot read IP mode file for wolfSSL.I-CUBE-wolfTPM.3.8.0
2026-05-14 11:30:52,615 [WARN] PackLoader:240 - Cannot read IP mode file for STMicroelectronics.X-CUBE-TCPP.4.2.0
2026-05-14 11:30:52,907 [WARN] PackLoader:240 - Cannot read IP mode file for RealThread.X-CUBE-RT-Thread_Nano.4.1.1
2026-05-14 11:30:52,949 [WARN] PackLoader:240 - Cannot read IP mode file for STMicroelectronics.FP-ATR-SIGFOX1.3.2.0
2026-05-14 11:30:52,954 [ERROR] Engine:466 - C:\Users\mailm\.stm32cubemx\thirdparties\pdsc\STMicroelectronics.X-CUBE-FREERTOS.1.5.0.pdsc: PDSC version is not supported
2026-05-14 11:30:52,970 [WARN] PackLoader:240 - Cannot read IP mode file for ITTIA_DB.I-CUBE-ITTIADB.8.9.0
2026-05-14 11:30:52,979 [WARN] PackLoader:240 - Cannot read IP mode file for Cesanta.I-CUBE-Mongoose.7.21.7
2026-05-14 11:30:52,990 [WARN] PackLoader:240 - Cannot read IP mode file for STMicroelectronics.X-CUBE-NFC6.3.2.0
2026-05-14 11:30:52,998 [WARN] PackLoader:240 - Cannot read IP mode file for Cesanta.I-CUBE-Mongoose.7.21.5
2026-05-14 11:30:53,007 [WARN] PackLoader:240 - Cannot read IP mode file for STMicroelectronics.X-CUBE-AI.10.2.0
2026-05-14 11:30:53,073 [WARN] PackLoader:240 - Cannot read IP mode file for STMicroelectronics.X-CUBE-MEMS1.12.1.0
2026-05-14 11:30:53,211 [WARN] PackLoader:240 - Cannot read IP mode file for SEGGER.I-CUBE-embOS.1.3.1
2026-05-14 11:30:53,263 [WARN] PackLoader:240 - Cannot read IP mode file for STMicroelectronics.X-CUBE-ALGOBUILD.1.4.0
2026-05-14 11:30:53,272 [WARN] PackLoader:240 - Cannot read IP mode file for STMicroelectronics.X-CUBE-PM33A1.1.0.0
2026-05-14 11:30:53,299 [WARN] PackLoader:240 - Cannot read IP mode file for STMicroelectronics.X-CUBE-AZRTOS-F4.1.1.0
2026-05-14 11:30:53,311 [WARN] PackLoader:240 - Cannot read IP mode file for STMicroelectronics.X-CUBE-ISPU.2.1.0
2026-05-14 11:30:53,320 [ERROR] Engine:466 - C:\Users\mailm\.stm32cubemx\thirdparties\pdsc\STMicroelectronics.X-CUBE-IPS.3.2.0.pdsc: PDSC version is not supported
2026-05-14 11:30:53,328 [WARN] PackLoader:240 - Cannot read IP mode file for STMicroelectronics.eDS-WB_DPC_TT-BIDIR.2.1.1
2026-05-14 11:30:53,341 [WARN] PackLoader:240 - Cannot read IP mode file for STMicroelectronics.X-CUBE-NFC12.1.0.0
2026-05-14 11:30:53,382 [WARN] PackLoader:240 - Cannot read IP mode file for STMicroelectronics.X-CUBE-AZRTOS-L5.2.0.0
2026-05-14 11:30:53,399 [WARN] PackLoader:240 - Cannot read IP mode file for STMicroelectronics.eDS-WB_DPC_VIENNA.1.2.0
2026-05-14 11:30:53,432 [WARN] PackLoader:240 - Cannot read IP mode file for STMicroelectronics.eDS-WB_DPC_3PH2L-BIDIR.1.1.1
2026-05-14 11:30:53,440 [ERROR] Engine:466 - C:\Users\mailm\.stm32cubemx\thirdparties\pdsc\STMicroelectronics.X-CUBE-ST67W61.1.3.0.pdsc: PDSC version is not supported
2026-05-14 11:30:53,459 [WARN] PackLoader:240 - Cannot read IP mode file for STMicroelectronics.X-CUBE-TOUCHGFX.4.26.1
2026-05-14 11:30:53,473 [WARN] PackLoader:240 - Cannot read IP mode file for STMicroelectronics.X-CUBE-DPower.1.3.0
2026-05-14 11:30:53,540 [WARN] ConditionMgr:438 - getConditionDescription Invalid condition id : LAN8742 Phy interface Condition cause : null
2026-05-14 11:30:53,542 [WARN] PackLoader:240 - Cannot read IP mode file for STMicroelectronics.X-CUBE-AZRTOS-L4.2.0.0
2026-05-14 11:30:53,550 [WARN] ConditionMgr:1044 - genDependencies : Invalid condition id : LAN8742 Phy interface Condition cause : null
2026-05-14 11:30:53,552 [WARN] ConditionMgr:1044 - genDependencies : Invalid condition id : LAN8742 Phy interface Condition cause : null
2026-05-14 11:30:53,553 [WARN] ConditionMgr:1044 - genDependencies : Invalid condition id : LAN8742 Phy interface Condition cause : null
2026-05-14 11:30:53,574 [WARN] PackLoader:240 - Cannot read IP mode file for STMicroelectronics.X-CUBE-SFXS2LP1.4.0.0
2026-05-14 11:30:53,593 [WARN] PackLoader:240 - Cannot read IP mode file for STMicroelectronics.X-CUBE-WB05N.2.1.0
2026-05-14 11:30:53,612 [WARN] PackLoader:240 - Cannot read IP mode file for STMicroelectronics.X-CUBE-BLEMGR.4.1.0
2026-05-14 11:30:53,637 [WARN] ConditionMgr:438 - getConditionDescription Invalid condition id : UX DEVICE CLASS RTOS Condition cause : null
2026-05-14 11:30:53,637 [WARN] ConditionMgr:438 - getConditionDescription Invalid condition id : UX DEVICE CLASS RTOS Condition cause : null
2026-05-14 11:30:53,640 [WARN] PackLoader:240 - Cannot read IP mode file for STMicroelectronics.X-CUBE-AZRTOS-WB.2.0.0
2026-05-14 11:30:53,641 [WARN] ConditionMgr:1044 - genDependencies : Invalid condition id : UX DEVICE CLASS RTOS Condition cause : null
2026-05-14 11:30:53,642 [WARN] ConditionMgr:1044 - genDependencies : Invalid condition id : UX DEVICE CLASS RTOS Condition cause : null
2026-05-14 11:30:53,642 [WARN] ConditionMgr:1044 - genDependencies : Invalid condition id : UX DEVICE CLASS RTOS Condition cause : null
2026-05-14 11:30:53,643 [WARN] ConditionMgr:1044 - genDependencies : Invalid condition id : UX DEVICE CLASS RTOS Condition cause : null
2026-05-14 11:30:53,643 [WARN] ConditionMgr:1044 - genDependencies : Invalid condition id : UX DEVICE CLASS RTOS Condition cause : null
2026-05-14 11:30:53,653 [WARN] ConditionMgr:438 - getConditionDescription Invalid condition id : Cortex-A Device cause : null
2026-05-14 11:30:53,667 [WARN] ConditionMgr:1044 - genDependencies : Invalid condition id : Cortex-A Device cause : null
2026-05-14 11:30:53,668 [WARN] ConditionMgr:1044 - genDependencies : Invalid condition id : Cortex-A Device cause : null
2026-05-14 11:30:53,668 [WARN] ConditionMgr:1044 - genDependencies : Invalid condition id : Cortex-A Device cause : null
2026-05-14 11:30:53,679 [WARN] PackLoader:240 - Cannot read IP mode file for STMicroelectronics.X-CUBE-STSE01.2.0.0
2026-05-14 11:30:53,694 [WARN] PackLoader:240 - Cannot read IP mode file for STMicroelectronics.X-CUBE-SUBG2.5.0.0
2026-05-14 11:30:53,719 [WARN] PackLoader:240 - Cannot read IP mode file for STMicroelectronics.X-CUBE-AZRTOS-G4.2.0.0
2026-05-14 11:30:53,727 [WARN] PackLoader:240 - Cannot read IP mode file for wolfSSL.I-CUBE-wolfSSH.1.4.20
2026-05-14 11:30:53,734 [WARN] PackLoader:240 - Cannot read IP mode file for STMicroelectronics.X-CUBE-NFC7.2.0.0
2026-05-14 11:30:53,741 [WARN] PackLoader:240 - Cannot read IP mode file for STMicroelectronics.X-CUBE-ALS.1.0.2
2026-05-14 11:30:53,759 [WARN] PackLoader:240 - Cannot read IP mode file for STMicroelectronics.X-CUBE-TOF1.3.4.3
2026-05-14 11:30:53,772 [INFO] ThirdParty:978 - Integrity check success = true
2026-05-14 11:30:53,772 [INFO] IntegrityCheckThread:100 - exiting critical section [integrity check]
2026-05-14 11:30:53,773 [INFO] IntegrityCheckThread:103 - End integrity checks thread
2026-05-14 11:30:53,915 [INFO] WebApp:169 - Instantiating new browser for Auth
2026-05-14 11:30:55,239 [INFO] WebApp:463 - Apply proxy settings
2026-05-14 11:30:55,250 [INFO] WebApp:508 - Chromium authenticates against Manually configured proxy
2026-05-14 11:30:55,263 [INFO] WebApp:516 - Username used for proxy authentication: 
2026-05-14 11:30:55,327 [INFO] WebApp:894 - Register for checkConnection events
2026-05-14 11:30:55,327 [INFO] WebApp:463 - Apply proxy settings
2026-05-14 11:30:55,337 [INFO] WebApp:508 - Chromium authenticates against Manually configured proxy
2026-05-14 11:30:55,338 [INFO] WebApp:516 - Username used for proxy authentication: 
2026-05-14 11:30:55,669 [INFO] WebApp:225 - Starting web application
2026-05-14 11:30:55,671 [INFO] WebApp:593 - Web application path used C:\ST\STM32CubeIDE_1.18.1\STM32CubeIDE\plugins\com.st.stm32cube.common.mx_6.14.1.202504091515\db\plugins\mcufinder\reactClient1\index.html
2026-05-14 11:30:56,434 [INFO] WebApp:191 - Connection restablished
2026-05-14 21:53:29,760 [INFO] WebApp:194 - Connection lost
2026-05-14 21:53:34,056 [INFO] WebApp:191 - Connection restablished
2026-05-14 21:53:37,708 [INFO] WebApp:194 - Connection lost
2026-05-14 21:53:38,252 [INFO] WebApp:191 - Connection restablished
