22:14:33 **** Incremental Build of configuration Debug for project godwilling ****
make -j22 all 
arm-none-eabi-gcc "../Core/Src/main.c" -mcpu=cortex-m4 -std=gnu11 -g3 -DDEBUG -DUSE_HAL_DRIVER -DSTM32F411xE -c -I../Core/Inc -I../Drivers/BSP/BME280 -I../Drivers/BSP/GNSS -I../Drivers/BSP/IMU -I../Drivers/BSP/ADXL314 -I../Drivers/BSP/Ra02 -I../Drivers/BSP/BMP585 -I../FATFS/Target -I../FATFS/App -I../Drivers/STM32F4xx_HAL_Driver/Inc -I../Drivers/STM32F4xx_HAL_Driver/Inc/Legacy -I../Middlewares/Third_Party/FatFs/src -I../Drivers/CMSIS/Device/ST/STM32F4xx/Include -I../Drivers/CMSIS/Include -I../Middlewares/Third_Party/FreeRTOS/Source/include -I../Middlewares/Third_Party/FreeRTOS/Source/CMSIS_RTOS_V2 -I../Middlewares/Third_Party/FreeRTOS/Source/portable/GCC/ARM_CM4F -O0 -ffunction-sections -fdata-sections -Wall -fstack-usage -fcyclomatic-complexity -MMD -MP -MF"Core/Src/main.d" -MT"Core/Src/main.o" --specs=nano.specs -mfpu=fpv4-sp-d16 -mfloat-abi=hard -mthumb -o "Core/Src/main.o"
../Core/Src/main.c: In function 'main':
../Core/Src/main.c:143:17: warning: unused variable 'bme_data' [-Wunused-variable]
  143 |   BME280_Data_t bme_data;
      |                 ^~~~~~~~
arm-none-eabi-gcc -o "godwilling.elf" @"objects.list"   -mcpu=cortex-m4 -T"C:\University\Clubs\UARC\CHUD-MCU-V2-Firmware\godwilling\STM32F411RETX_FLASH.ld" --specs=nosys.specs -Wl,-Map="godwilling.map" -Wl,--gc-sections -static --specs=nano.specs -mfpu=fpv4-sp-d16 -mfloat-abi=hard -mthumb -u _printf_float -Wl,--start-group -lc -lm -Wl,--end-group
Finished building target: godwilling.elf
 
arm-none-eabi-size  godwilling.elf 
arm-none-eabi-objdump -h -S godwilling.elf  > "godwilling.list"
   text	   data	    bss	    dec	    hex	filename
  31968	    488	   3640	  36096	   8d00	godwilling.elf
Finished building: default.size.stdout
 
Finished building: godwilling.list
 

22:14:35 Build Finished. 0 errors, 1 warnings. (took 1s.460ms)

