2026-06-17 17:42:45,588 [INFO] Activator:176 - 


2026-06-17 17:42:45,590 [INFO] Activator:177 - !SESSION log4j initialized
2026-06-17 17:42:59,278 [INFO] LogOutputStream:77 - [STDOUT_REDIRECT] 
2026-06-17 17:43:03,619 [INFO] ApplicationProperties:184 - Using Application install path: C:\ST\STM32CubeIDE_1.18.1\STM32CubeIDE\plugins\com.st.stm32cube.common.mx_6.14.1.202504091515
2026-06-17 17:43:03,655 [INFO] DbMcusXml:78 - Set database path to: C:\ST\STM32CubeIDE_1.18.1\STM32CubeIDE\plugins\com.st.stm32cube.common.mx_6.14.1.202504091515\\db\/mcu/
2026-06-17 17:43:03,655 [INFO] ApiDb:274 - Set plugin database path to: C:\ST\STM32CubeIDE_1.18.1\STM32CubeIDE\plugins\com.st.stm32cube.common.mx_6.14.1.202504091515\\db\/plugins/boardmanager/
2026-06-17 17:43:03,657 [WARN] ApiDb:259 - Overriding images path with different value:  => C:\ST\STM32CubeIDE_1.18.1\STM32CubeIDE\plugins\com.st.stm32cube.common.mx_6.14.1.202504091515\\db\/plugins/mcufinder/images/
2026-06-17 17:43:03,673 [INFO] ApiDb:250 - Set database path to: C:\Users\dmons\.stmcufinder\plugins\mcufinder//mcu/
2026-06-17 17:43:03,675 [INFO] DbMcusAds:125 - Set database path to: C:\Users\dmons\.stmcufinder\plugins\mcufinder//mcu/
2026-06-17 17:43:03,681 [INFO] CrossReferenceDbSqlite:203 - Set database path to: C:\Users\dmons\.stmcufinder\plugins\mcufinder//mcu/cs/
2026-06-17 17:43:03,910 [INFO] RulesReader:64 - Compatibility file has been processed (302 Rules)
2026-06-17 17:43:04,134 [INFO] DbMcusXml:78 - Set database path to: C:\ST\STM32CubeIDE_1.18.1\STM32CubeIDE\plugins\com.st.stm32cube.common.mx_6.14.1.202504091515\\db\/mcu/
2026-06-17 17:43:04,134 [INFO] ApiDb:274 - Set plugin database path to: C:\ST\STM32CubeIDE_1.18.1\STM32CubeIDE\plugins\com.st.stm32cube.common.mx_6.14.1.202504091515\\db\/plugins/boardmanager/
2026-06-17 17:43:04,134 [INFO] ApiDb:261 - Set plugin images path to: C:\ST\STM32CubeIDE_1.18.1\STM32CubeIDE\plugins\com.st.stm32cube.common.mx_6.14.1.202504091515\\db\/plugins/mcufinder/images/
2026-06-17 17:43:04,135 [WARN] DbFile:41 - Overriding database path with different value: C:\Users\dmons\.stmcufinder\plugins\mcufinder/ => C:\Users\dmons\.stmcufinder\plugins\mcufinder
2026-06-17 17:43:04,135 [INFO] ApiDb:250 - Set database path to: C:\Users\dmons\.stmcufinder\plugins\mcufinder//mcu/
2026-06-17 17:43:04,135 [WARN] DbFile:41 - Overriding database path with different value: C:\Users\dmons\.stmcufinder\plugins\mcufinder/ => C:\Users\dmons\.stmcufinder\plugins\mcufinder
2026-06-17 17:43:04,135 [INFO] DbMcusAds:125 - Set database path to: C:\Users\dmons\.stmcufinder\plugins\mcufinder//mcu/
2026-06-17 17:43:04,135 [WARN] DbFile:41 - Overriding database path with different value: C:\Users\dmons\.stmcufinder\plugins\mcufinder/ => C:\Users\dmons\.stmcufinder\plugins\mcufinder
2026-06-17 17:43:04,135 [WARN] DbFile:41 - Overriding database path with different value: C:\Users\dmons\.stmcufinder\plugins\mcufinder/ => C:\Users\dmons\.stmcufinder\plugins\mcufinder
2026-06-17 17:43:04,136 [INFO] CrossReferenceDbSqlite:203 - Set database path to: C:\Users\dmons\.stmcufinder\plugins\mcufinder//mcu/cs/
2026-06-17 17:43:04,318 [INFO] MainPanel:272 - HeapMemory: 268435456
2026-06-17 17:43:04,548 [INFO] DbMcusXml:78 - Set database path to: C:\ST\STM32CubeIDE_1.18.1\STM32CubeIDE\plugins\com.st.stm32cube.common.mx_6.14.1.202504091515\\db\/mcu/
2026-06-17 17:43:04,548 [INFO] ApiDb:274 - Set plugin database path to: C:\ST\STM32CubeIDE_1.18.1\STM32CubeIDE\plugins\com.st.stm32cube.common.mx_6.14.1.202504091515\\db\/plugins/boardmanager/
2026-06-17 17:43:04,548 [INFO] ApiDb:261 - Set plugin images path to: C:\ST\STM32CubeIDE_1.18.1\STM32CubeIDE\plugins\com.st.stm32cube.common.mx_6.14.1.202504091515\\db\/plugins/mcufinder/images/
2026-06-17 17:43:04,550 [WARN] DbFile:41 - Overriding database path with different value: C:\Users\dmons\.stmcufinder\plugins\mcufinder/ => C:\Users\dmons\.stmcufinder\plugins\mcufinder
2026-06-17 17:43:04,550 [INFO] ApiDb:250 - Set database path to: C:\Users\dmons\.stmcufinder\plugins\mcufinder//mcu/
2026-06-17 17:43:04,550 [WARN] DbFile:41 - Overriding database path with different value: C:\Users\dmons\.stmcufinder\plugins\mcufinder/ => C:\Users\dmons\.stmcufinder\plugins\mcufinder
2026-06-17 17:43:04,551 [INFO] DbMcusAds:125 - Set database path to: C:\Users\dmons\.stmcufinder\plugins\mcufinder//mcu/
2026-06-17 17:43:04,551 [WARN] DbFile:41 - Overriding database path with different value: C:\Users\dmons\.stmcufinder\plugins\mcufinder/ => C:\Users\dmons\.stmcufinder\plugins\mcufinder
2026-06-17 17:43:04,551 [WARN] DbFile:41 - Overriding database path with different value: C:\Users\dmons\.stmcufinder\plugins\mcufinder/ => C:\Users\dmons\.stmcufinder\plugins\mcufinder
2026-06-17 17:43:04,551 [INFO] CrossReferenceDbSqlite:203 - Set database path to: C:\Users\dmons\.stmcufinder\plugins\mcufinder//mcu/cs/
2026-06-17 17:43:04,587 [INFO] ApplicationProperties:184 - Using Application install path: C:\ST\STM32CubeIDE_1.18.1\STM32CubeIDE\plugins\com.st.stm32cube.common.mx_6.14.1.202504091515
2026-06-17 17:43:04,589 [INFO] PluginManage:196 - Search for loadable plugins [exclusion list=, ]
2026-06-17 17:43:04,593 [INFO] PluginManage:310 - Check plugin analytics
2026-06-17 17:43:04,962 [INFO] AnalyticsPlugin:253 - Accepted Software Licenses: 
2026-06-17 17:43:04,962 [INFO] AnalyticsPlugin:255 - Accepted CMSIS Pack Licenses: 
2026-06-17 17:43:04,962 [INFO] AnalyticsPlugin:257 - Accepted Firmware Licenses: 
2026-06-17 17:43:04,973 [INFO] PluginManage:359 - Loaded plugin analytics (category:tool,tabindex:-1)
2026-06-17 17:43:04,975 [INFO] PluginManage:310 - Check plugin cadmodel
2026-06-17 17:43:04,994 [INFO] CADModel:105 - Init CAD model plugin
2026-06-17 17:43:04,994 [INFO] PluginManage:359 - Loaded plugin cadmodel (category:power,tabindex:5)
2026-06-17 17:43:04,995 [INFO] PluginManage:310 - Check plugin clock
2026-06-17 17:43:05,018 [INFO] PluginManage:359 - Loaded plugin clock (category:base,tabindex:2)
2026-06-17 17:43:05,019 [INFO] PluginManage:310 - Check plugin ddr
2026-06-17 17:43:05,023 [INFO] PluginManage:359 - Loaded plugin ddr (category:tool,tabindex:6)
2026-06-17 17:43:05,024 [INFO] PluginManage:310 - Check plugin filemanager
2026-06-17 17:43:05,383 [INFO] PluginManage:359 - Loaded plugin filemanager (category:base,tabindex:10)
2026-06-17 17:43:05,384 [INFO] PluginManage:310 - Check plugin ipmanager
2026-06-17 17:43:05,398 [INFO] PluginManage:359 - Loaded plugin ipmanager (category:base,tabindex:5)
2026-06-17 17:43:05,398 [INFO] PluginManage:310 - Check plugin lpbam
2026-06-17 17:43:05,413 [INFO] PluginManage:359 - Loaded plugin lpbam (category:base,tabindex:0)
2026-06-17 17:43:05,414 [INFO] PluginManage:310 - Check plugin memorymap
2026-06-17 17:43:05,441 [INFO] PluginManage:359 - Loaded plugin memorymap (category:base,tabindex:4)
2026-06-17 17:43:05,441 [INFO] PluginManage:310 - Check plugin pinoutandconfiguration
2026-06-17 17:43:05,459 [INFO] PluginManage:359 - Loaded plugin pinoutandconfiguration (category:base,tabindex:1)
2026-06-17 17:43:05,459 [INFO] PluginManage:310 - Check plugin pinoutconfig
2026-06-17 17:43:05,648 [WARN] SupportedApi:132 - Cannot load RTOS API schema: s4s-elt-must-match.1: The content of 'definitions' must match (annotation?, (simpleType | complexType)?, (unique | key | keyref)*)). A problem was found starting at: attribute.
2026-06-17 17:43:05,897 [INFO] PluginManage:359 - Loaded plugin pinoutconfig (category:base,tabindex:0)
2026-06-17 17:43:05,897 [INFO] PluginManage:310 - Check plugin power
2026-06-17 17:43:05,913 [INFO] PluginManage:359 - Loaded plugin power (category:power,tabindex:4)
2026-06-17 17:43:05,914 [INFO] PluginManage:310 - Check plugin projectmanager
2026-06-17 17:43:05,942 [INFO] PluginManage:359 - Loaded plugin projectmanager (category:projectmanager,tabindex:4)
2026-06-17 17:43:05,943 [INFO] PluginManage:310 - Check plugin rif
2026-06-17 17:43:05,955 [INFO] PluginManage:359 - Loaded plugin rif (category:base,tabindex:3)
2026-06-17 17:43:05,955 [INFO] PluginManage:310 - Check plugin thirdparty
2026-06-17 17:43:06,231 [INFO] PluginManage:359 - Loaded plugin thirdparty (category:base,tabindex:-1)
2026-06-17 17:43:06,231 [INFO] PluginManage:310 - Check plugin tools
2026-06-17 17:43:06,231 [WARN] IntegrityCheckThread:84 - waiting for thirdparty lock release [integrity check]
2026-06-17 17:43:06,232 [INFO] IntegrityCheckThread:86 - entering critical section [integrity check]
2026-06-17 17:43:06,234 [INFO] ThirdPartyUpdaterWithRetryManager:70 - Updater plugin not ready yet. [1/15]
2026-06-17 17:43:06,238 [INFO] PluginManage:359 - Loaded plugin tools (category:base,tabindex:7)
2026-06-17 17:43:06,239 [INFO] PluginManage:310 - Check plugin tutovideos
2026-06-17 17:43:06,595 [INFO] PluginManage:359 - Loaded plugin tutovideos (category:base,tabindex:-1)
2026-06-17 17:43:06,596 [INFO] PluginManage:310 - Check plugin updater
2026-06-17 17:43:06,647 [INFO] PluginManage:359 - Loaded plugin updater (category:base,tabindex:12)
2026-06-17 17:43:06,647 [INFO] PluginManage:310 - Check plugin userauth
2026-06-17 17:43:06,659 [INFO] UserAuth:118 - Init User Auth plugin
2026-06-17 17:43:06,661 [INFO] PluginManage:359 - Loaded plugin userauth (category:base,tabindex:14)
2026-06-17 17:43:06,663 [INFO] PluginManage:283 - PluginManage : Loaded plugins [18]
2026-06-17 17:43:07,274 [INFO] PinOutPanel:1589 - setPackage(No Configuration,No Configuration)
2026-06-17 17:43:07,449 [INFO] CADModel:165 - CPN selected for project level
2026-06-17 17:43:07,450 [INFO] CADModel:114 - Register for checkConnection events
2026-06-17 17:43:07,481 [INFO] IPUIPlugin:80 - create IPUIPlugin
2026-06-17 17:43:07,482 [INFO] PluginManager:220 - loadIPPluginJar : add adc
2026-06-17 17:43:07,486 [INFO] IPUIPlugin:80 - create IPUIPlugin
2026-06-17 17:43:07,486 [INFO] PluginManager:220 - loadIPPluginJar : add aes
2026-06-17 17:43:07,492 [INFO] IPUIPlugin:80 - create IPUIPlugin
2026-06-17 17:43:07,492 [INFO] PluginManager:220 - loadIPPluginJar : add can
2026-06-17 17:43:07,497 [INFO] IPUIPlugin:80 - create IPUIPlugin
2026-06-17 17:43:07,498 [INFO] PluginManager:220 - loadIPPluginJar : add comp
2026-06-17 17:43:07,503 [INFO] IPUIPlugin:80 - create IPUIPlugin
2026-06-17 17:43:07,503 [INFO] PluginManager:220 - loadIPPluginJar : add cryp
2026-06-17 17:43:07,511 [INFO] IPUIPlugin:80 - create IPUIPlugin
2026-06-17 17:43:07,511 [INFO] PluginManager:220 - loadIPPluginJar : add ddr_ctrl_phy
2026-06-17 17:43:07,516 [INFO] IPUIPlugin:80 - create IPUIPlugin
2026-06-17 17:43:07,517 [INFO] PluginManager:220 - loadIPPluginJar : add dfsdm
2026-06-17 17:43:07,525 [INFO] IPUIPlugin:80 - create IPUIPlugin
2026-06-17 17:43:07,526 [INFO] PluginManager:220 - loadIPPluginJar : add dma
2026-06-17 17:43:07,533 [INFO] IPUIPlugin:80 - create IPUIPlugin
2026-06-17 17:43:07,533 [INFO] PluginManager:220 - loadIPPluginJar : add dma3
2026-06-17 17:43:07,539 [INFO] IPUIPlugin:80 - create IPUIPlugin
2026-06-17 17:43:07,539 [INFO] PluginManager:220 - loadIPPluginJar : add extmemmanager
2026-06-17 17:43:07,542 [INFO] IPUIPlugin:80 - create IPUIPlugin
2026-06-17 17:43:07,542 [INFO] PluginManager:220 - loadIPPluginJar : add fatfs
2026-06-17 17:43:07,552 [INFO] IPUIPlugin:80 - create IPUIPlugin
2026-06-17 17:43:07,553 [INFO] PluginManager:220 - loadIPPluginJar : add fmc
2026-06-17 17:43:07,565 [INFO] IPUIPlugin:80 - create IPUIPlugin
2026-06-17 17:43:07,566 [INFO] PluginManager:220 - loadIPPluginJar : add freertos
2026-06-17 17:43:07,570 [INFO] IPUIPlugin:80 - create IPUIPlugin
2026-06-17 17:43:07,570 [INFO] PluginManager:220 - loadIPPluginJar : add genericplugin
2026-06-17 17:43:07,575 [INFO] IPUIPlugin:80 - create IPUIPlugin
2026-06-17 17:43:07,576 [INFO] PluginManager:220 - loadIPPluginJar : add gfxmmu
2026-06-17 17:43:07,585 [INFO] IPUIPlugin:80 - create IPUIPlugin
2026-06-17 17:43:07,586 [INFO] PluginManager:220 - loadIPPluginJar : add gic
2026-06-17 17:43:07,592 [INFO] IPUIPlugin:80 - create IPUIPlugin
2026-06-17 17:43:07,592 [INFO] PluginManager:220 - loadIPPluginJar : add gpio
2026-06-17 17:43:07,597 [INFO] IPUIPlugin:80 - create IPUIPlugin
2026-06-17 17:43:07,598 [INFO] PluginManager:220 - loadIPPluginJar : add gtzc
2026-06-17 17:43:07,602 [INFO] IPUIPlugin:80 - create IPUIPlugin
2026-06-17 17:43:07,602 [INFO] PluginManager:220 - loadIPPluginJar : add hash
2026-06-17 17:43:07,607 [INFO] IPUIPlugin:80 - create IPUIPlugin
2026-06-17 17:43:07,607 [INFO] PluginManager:220 - loadIPPluginJar : add i2c
2026-06-17 17:43:07,611 [INFO] IPUIPlugin:80 - create IPUIPlugin
2026-06-17 17:43:07,612 [INFO] PluginManager:220 - loadIPPluginJar : add i2s
2026-06-17 17:43:07,618 [INFO] IPUIPlugin:80 - create IPUIPlugin
2026-06-17 17:43:07,618 [INFO] PluginManager:220 - loadIPPluginJar : add i3c
2026-06-17 17:43:07,623 [INFO] IPUIPlugin:80 - create IPUIPlugin
2026-06-17 17:43:07,623 [INFO] PluginManager:220 - loadIPPluginJar : add ipddr
2026-06-17 17:43:07,637 [INFO] IPUIPlugin:80 - create IPUIPlugin
2026-06-17 17:43:07,637 [INFO] PluginManager:220 - loadIPPluginJar : add linkedlist
2026-06-17 17:43:07,645 [INFO] IPUIPlugin:80 - create IPUIPlugin
2026-06-17 17:43:07,645 [INFO] PluginManager:220 - loadIPPluginJar : add lorawan
2026-06-17 17:43:07,648 [INFO] IPUIPlugin:80 - create IPUIPlugin
2026-06-17 17:43:07,648 [INFO] PluginManager:220 - loadIPPluginJar : add ltdc
2026-06-17 17:43:07,658 [INFO] IPUIPlugin:80 - create IPUIPlugin
2026-06-17 17:43:07,658 [INFO] PluginManager:220 - loadIPPluginJar : add mdma
2026-06-17 17:43:07,663 [INFO] IPUIPlugin:80 - create IPUIPlugin
2026-06-17 17:43:07,664 [INFO] PluginManager:220 - loadIPPluginJar : add nvic
2026-06-17 17:43:07,669 [INFO] IPUIPlugin:80 - create IPUIPlugin
2026-06-17 17:43:07,669 [INFO] PluginManager:220 - loadIPPluginJar : add opamp
2026-06-17 17:43:07,674 [INFO] IPUIPlugin:80 - create IPUIPlugin
2026-06-17 17:43:07,674 [INFO] PluginManager:220 - loadIPPluginJar : add openamp
2026-06-17 17:43:07,678 [INFO] IPUIPlugin:80 - create IPUIPlugin
2026-06-17 17:43:07,678 [INFO] PluginManager:220 - loadIPPluginJar : add pdm2pcm
2026-06-17 17:43:07,686 [INFO] IPUIPlugin:80 - create IPUIPlugin
2026-06-17 17:43:07,690 [INFO] PluginManager:220 - loadIPPluginJar : add plateformsettings
2026-06-17 17:43:07,693 [INFO] IPUIPlugin:80 - create IPUIPlugin
2026-06-17 17:43:07,694 [INFO] PluginManager:220 - loadIPPluginJar : add quadspi
2026-06-17 17:43:07,697 [INFO] IPUIPlugin:80 - create IPUIPlugin
2026-06-17 17:43:07,697 [INFO] PluginManager:220 - loadIPPluginJar : add radio
2026-06-17 17:43:07,707 [INFO] IPUIPlugin:80 - create IPUIPlugin
2026-06-17 17:43:07,707 [INFO] PluginManager:220 - loadIPPluginJar : add resmgrutility
2026-06-17 17:43:07,714 [INFO] IPUIPlugin:80 - create IPUIPlugin
2026-06-17 17:43:07,715 [INFO] PluginManager:220 - loadIPPluginJar : add sai
2026-06-17 17:43:07,721 [INFO] IPUIPlugin:80 - create IPUIPlugin
2026-06-17 17:43:07,722 [INFO] PluginManager:220 - loadIPPluginJar : add spi
2026-06-17 17:43:07,735 [INFO] IPUIPlugin:80 - create IPUIPlugin
2026-06-17 17:43:07,735 [INFO] PluginManager:220 - loadIPPluginJar : add stm32_wpan
2026-06-17 17:43:07,741 [INFO] IPUIPlugin:80 - create IPUIPlugin
2026-06-17 17:43:07,741 [INFO] PluginManager:220 - loadIPPluginJar : add tim
2026-06-17 17:43:07,752 [INFO] IPUIPlugin:80 - create IPUIPlugin
2026-06-17 17:43:07,752 [INFO] PluginManager:220 - loadIPPluginJar : add touchsensing
2026-06-17 17:43:07,758 [INFO] IPUIPlugin:80 - create IPUIPlugin
2026-06-17 17:43:07,758 [INFO] PluginManager:220 - loadIPPluginJar : add tracer_emb
2026-06-17 17:43:07,761 [INFO] IPUIPlugin:80 - create IPUIPlugin
2026-06-17 17:43:07,761 [INFO] PluginManager:220 - loadIPPluginJar : add ts
2026-06-17 17:43:07,767 [INFO] IPUIPlugin:80 - create IPUIPlugin
2026-06-17 17:43:07,767 [INFO] PluginManager:220 - loadIPPluginJar : add tsc
2026-06-17 17:43:07,771 [INFO] IPUIPlugin:80 - create IPUIPlugin
2026-06-17 17:43:07,771 [INFO] PluginManager:220 - loadIPPluginJar : add ucpd
2026-06-17 17:43:07,775 [INFO] IPUIPlugin:80 - create IPUIPlugin
2026-06-17 17:43:07,775 [INFO] PluginManager:220 - loadIPPluginJar : add usart
2026-06-17 17:43:07,780 [INFO] IPUIPlugin:80 - create IPUIPlugin
2026-06-17 17:43:07,780 [INFO] PluginManager:220 - loadIPPluginJar : add usbx
2026-06-17 17:43:07,950 [FATAL] Updater:351 - Updater called before beeing initialized
2026-06-17 17:43:07,984 [INFO] RulesReader:64 - Compatibility file has been processed (302 Rules)
2026-06-17 17:43:08,000 [INFO] RulesReader:64 - Compatibility file has been processed (302 Rules)
2026-06-17 17:43:08,021 [INFO] CADModel:165 - CPN selected for project level
2026-06-17 17:43:08,021 [INFO] CADModel:114 - Register for checkConnection events
2026-06-17 17:43:08,021 [FATAL] Updater:351 - Updater called before beeing initialized
2026-06-17 17:43:08,022 [ERROR] CADModel:125 - Updater not yet initialized, retry later 
2026-06-17 17:43:08,376 [FATAL] Updater:351 - Updater called before beeing initialized
2026-06-17 17:43:08,382 [INFO] CADModel:165 - CPN selected for project level
2026-06-17 17:43:08,382 [INFO] CADModel:114 - Register for checkConnection events
2026-06-17 17:43:08,382 [FATAL] Updater:351 - Updater called before beeing initialized
2026-06-17 17:43:08,382 [ERROR] CADModel:125 - Updater not yet initialized, retry later 
2026-06-17 17:43:08,388 [FATAL] Updater:351 - Updater called before beeing initialized
2026-06-17 17:43:08,588 [FATAL] Updater:351 - Updater called before beeing initialized
2026-06-17 17:43:08,596 [INFO] DbMcusAds:53 - JSON generation date=Thu Feb 19 03:32:49 NZDT 2026 (1771425169665)
2026-06-17 17:43:08,596 [FATAL] Updater:351 - Updater called before beeing initialized
2026-06-17 17:43:08,664 [WARN] DetailPanel:346 - Failed to get advertising image, set to default
2026-06-17 17:43:08,987 [FATAL] Updater:351 - Updater called before beeing initialized
2026-06-17 17:43:08,991 [FATAL] Updater:351 - Updater called before beeing initialized
2026-06-17 17:43:08,992 [FATAL] Updater:351 - Updater called before beeing initialized
2026-06-17 17:43:08,992 [WARN] DetailPanel:346 - Failed to get advertising image, set to default
2026-06-17 17:43:08,994 [FATAL] Updater:351 - Updater called before beeing initialized
2026-06-17 17:43:09,106 [ERROR] Updater:1198 - MainUpdater not yet initialized. External WinMGr cannot be set.
2026-06-17 17:43:09,111 [INFO] Updater:1134 - Updater Version found : 6.14.1
2026-06-17 17:43:09,147 [INFO] ApplicationProperties:184 - Using Application install path: C:\ST\STM32CubeIDE_1.18.1\STM32CubeIDE\plugins\com.st.stm32cube.common.mx_6.14.1.202504091515
2026-06-17 17:43:09,235 [INFO] ThirdPartyUpdaterWithRetryManager:70 - Updater plugin not ready yet. [2/15]
2026-06-17 17:43:10,741 [ERROR] LogOutputStream:75 - [STDERR_REDIRECT] Jun 17, 2026 5:43:10 PM java.util.prefs.WindowsPreferences <init>
2026-06-17 17:43:10,743 [ERROR] LogOutputStream:75 - [STDERR_REDIRECT] WARNING: Could not open/create prefs root node Software\JavaSoft\Prefs at root 0xffffffff80000002. Windows RegCreateKeyEx(...) returned error code 5.
2026-06-17 17:43:10,744 [ERROR] LogOutputStream:75 - [STDERR_REDIRECT] 
2026-06-17 17:43:12,236 [FATAL] Updater:351 - Updater called before beeing initialized
2026-06-17 17:43:12,237 [ERROR] IntegrityCheckThread:130 - Cannot retrieve database content from updater: error 21
2026-06-17 17:43:12,237 [INFO] ThirdParty:978 - Integrity check success = false
2026-06-17 17:43:12,237 [INFO] IntegrityCheckThread:100 - exiting critical section [integrity check]
2026-06-17 17:43:12,237 [INFO] IntegrityCheckThread:103 - End integrity checks thread
2026-06-17 17:43:12,287 [INFO] MainUpdater:2872 - connection check result : 10
2026-06-17 17:43:12,288 [INFO] MainUpdater:3566 - Updater definition file requires update
2026-06-17 17:43:12,290 [INFO] MainUpdater:289 - Updater Check For Update Now.
2026-06-17 17:43:12,290 [INFO] MicroXplorer:498 - Change Database Version : DB.6.0.141
2026-06-17 17:43:12,302 [INFO] McuFinderGlobals:63 - Set McuFinder mode to 2 (CubeIDE integrated)
2026-06-17 17:43:12,303 [INFO] UserAuth:171 - activating auth plugin
2026-06-17 17:43:12,309 [INFO] UserAuth:484 - Internet connection configuration mode: 1
2026-06-17 17:43:12,351 [INFO] JxBrowserEngine:152 - Initiate JxBrowser Engine with user profile folder
2026-06-17 17:43:14,258 [INFO] ServerAccessManage:473 - Download File updaters.zip
2026-06-17 17:43:14,397 [INFO] FileExtend:242 - Unzip File : updaters.zip
2026-06-17 17:43:14,397 [INFO] FileExtend:257 - Standard Zip Deflate
2026-06-17 17:43:16,314 [INFO] ServerAccessManage:473 - Download File PacksControlFlags.xml
2026-06-17 17:43:17,419 [INFO] ServerAccessManage:473 - Download File cubemx.pidx
2026-06-17 17:43:18,687 [INFO] WebApp:169 - Instantiating new browser for Auth
2026-06-17 17:43:19,837 [INFO] ServerAccessManage:473 - Download File STMicroelectronics.X-CUBE-NFC13.pdsc
2026-06-17 17:43:20,866 [INFO] WebApp:463 - Apply proxy settings
2026-06-17 17:43:20,867 [INFO] WebApp:548 - Chromium requires no authentication
2026-06-17 17:43:20,898 [INFO] WebApp:491 - Direct internet connection detected
2026-06-17 17:43:20,988 [INFO] WebApp:894 - Register for checkConnection events
2026-06-17 17:43:20,988 [INFO] WebApp:463 - Apply proxy settings
2026-06-17 17:43:20,989 [INFO] WebApp:548 - Chromium requires no authentication
2026-06-17 17:43:20,991 [INFO] WebApp:491 - Direct internet connection detected
2026-06-17 17:43:21,770 [INFO] WebApp:191 - Connection restablished
2026-06-17 17:43:22,122 [INFO] WebApp:225 - Starting web application
2026-06-17 17:43:22,122 [INFO] WebApp:593 - Web application path used C:\ST\STM32CubeIDE_1.18.1\STM32CubeIDE\plugins\com.st.stm32cube.common.mx_6.14.1.202504091515\db\plugins\mcufinder\reactClient1\index.html
2026-06-17 17:43:22,220 [WARN] PackLoader:240 - Cannot read IP mode file for STMicroelectronics.X-CUBE-NFC13.1.0.0
2026-06-17 17:43:22,229 [INFO] PopulateThirdPartyThread:66 - Ending populate Thread
2026-06-17 17:43:22,232 [INFO] ThirdParty:1030 - CMSIS Pack Vendor :STMicroelectronics X-CUBE-NFC13 1.0.0
2026-06-17 17:43:22,233 [INFO] LoadServerUpdatesThread:375 - End of LoadServerUpdate Thread
2026-06-17 17:43:22,303 [INFO] CheckServerUpdateThread:120 - End of CheckServer Thread
2026-06-17 17:54:39,161 [ERROR] LogOutputStream:75 - [STDERR_REDIRECT] 
2026-06-17 17:55:00,907 [INFO] Activator:176 - 


2026-06-17 17:55:00,909 [INFO] Activator:177 - !SESSION log4j initialized
2026-06-17 17:55:06,913 [INFO] LogOutputStream:77 - [STDOUT_REDIRECT] 
2026-06-17 17:55:10,023 [INFO] ApplicationProperties:184 - Using Application install path: C:\ST\STM32CubeIDE_1.18.1\STM32CubeIDE\plugins\com.st.stm32cube.common.mx_6.14.1.202504091515
2026-06-17 17:55:10,107 [INFO] DbMcusXml:78 - Set database path to: C:\ST\STM32CubeIDE_1.18.1\STM32CubeIDE\plugins\com.st.stm32cube.common.mx_6.14.1.202504091515\\db\/mcu/
2026-06-17 17:55:10,109 [INFO] ApiDb:274 - Set plugin database path to: C:\ST\STM32CubeIDE_1.18.1\STM32CubeIDE\plugins\com.st.stm32cube.common.mx_6.14.1.202504091515\\db\/plugins/boardmanager/
2026-06-17 17:55:10,109 [WARN] ApiDb:259 - Overriding images path with different value:  => C:\ST\STM32CubeIDE_1.18.1\STM32CubeIDE\plugins\com.st.stm32cube.common.mx_6.14.1.202504091515\\db\/plugins/mcufinder/images/
2026-06-17 17:55:10,135 [INFO] ApiDb:250 - Set database path to: C:\Users\dmons\.stmcufinder\plugins\mcufinder//mcu/
2026-06-17 17:55:10,139 [INFO] DbMcusAds:125 - Set database path to: C:\Users\dmons\.stmcufinder\plugins\mcufinder//mcu/
2026-06-17 17:55:10,152 [INFO] CrossReferenceDbSqlite:203 - Set database path to: C:\Users\dmons\.stmcufinder\plugins\mcufinder//mcu/cs/
2026-06-17 17:55:10,515 [INFO] RulesReader:64 - Compatibility file has been processed (302 Rules)
2026-06-17 17:55:11,047 [INFO] DbMcusXml:78 - Set database path to: C:\ST\STM32CubeIDE_1.18.1\STM32CubeIDE\plugins\com.st.stm32cube.common.mx_6.14.1.202504091515\\db\/mcu/
2026-06-17 17:55:11,047 [INFO] ApiDb:274 - Set plugin database path to: C:\ST\STM32CubeIDE_1.18.1\STM32CubeIDE\plugins\com.st.stm32cube.common.mx_6.14.1.202504091515\\db\/plugins/boardmanager/
2026-06-17 17:55:11,049 [INFO] ApiDb:261 - Set plugin images path to: C:\ST\STM32CubeIDE_1.18.1\STM32CubeIDE\plugins\com.st.stm32cube.common.mx_6.14.1.202504091515\\db\/plugins/mcufinder/images/
2026-06-17 17:55:11,049 [WARN] DbFile:41 - Overriding database path with different value: C:\Users\dmons\.stmcufinder\plugins\mcufinder/ => C:\Users\dmons\.stmcufinder\plugins\mcufinder
2026-06-17 17:55:11,049 [INFO] ApiDb:250 - Set database path to: C:\Users\dmons\.stmcufinder\plugins\mcufinder//mcu/
2026-06-17 17:55:11,050 [WARN] DbFile:41 - Overriding database path with different value: C:\Users\dmons\.stmcufinder\plugins\mcufinder/ => C:\Users\dmons\.stmcufinder\plugins\mcufinder
2026-06-17 17:55:11,050 [INFO] DbMcusAds:125 - Set database path to: C:\Users\dmons\.stmcufinder\plugins\mcufinder//mcu/
2026-06-17 17:55:11,050 [WARN] DbFile:41 - Overriding database path with different value: C:\Users\dmons\.stmcufinder\plugins\mcufinder/ => C:\Users\dmons\.stmcufinder\plugins\mcufinder
2026-06-17 17:55:11,050 [WARN] DbFile:41 - Overriding database path with different value: C:\Users\dmons\.stmcufinder\plugins\mcufinder/ => C:\Users\dmons\.stmcufinder\plugins\mcufinder
2026-06-17 17:55:11,050 [INFO] CrossReferenceDbSqlite:203 - Set database path to: C:\Users\dmons\.stmcufinder\plugins\mcufinder//mcu/cs/
2026-06-17 17:55:11,315 [INFO] MainPanel:272 - HeapMemory: 268435456
2026-06-17 17:55:11,950 [INFO] DbMcusXml:78 - Set database path to: C:\ST\STM32CubeIDE_1.18.1\STM32CubeIDE\plugins\com.st.stm32cube.common.mx_6.14.1.202504091515\\db\/mcu/
2026-06-17 17:55:11,951 [INFO] ApiDb:274 - Set plugin database path to: C:\ST\STM32CubeIDE_1.18.1\STM32CubeIDE\plugins\com.st.stm32cube.common.mx_6.14.1.202504091515\\db\/plugins/boardmanager/
2026-06-17 17:55:11,951 [INFO] ApiDb:261 - Set plugin images path to: C:\ST\STM32CubeIDE_1.18.1\STM32CubeIDE\plugins\com.st.stm32cube.common.mx_6.14.1.202504091515\\db\/plugins/mcufinder/images/
2026-06-17 17:55:11,955 [WARN] DbFile:41 - Overriding database path with different value: C:\Users\dmons\.stmcufinder\plugins\mcufinder/ => C:\Users\dmons\.stmcufinder\plugins\mcufinder
2026-06-17 17:55:11,956 [INFO] ApiDb:250 - Set database path to: C:\Users\dmons\.stmcufinder\plugins\mcufinder//mcu/
2026-06-17 17:55:11,956 [WARN] DbFile:41 - Overriding database path with different value: C:\Users\dmons\.stmcufinder\plugins\mcufinder/ => C:\Users\dmons\.stmcufinder\plugins\mcufinder
2026-06-17 17:55:11,956 [INFO] DbMcusAds:125 - Set database path to: C:\Users\dmons\.stmcufinder\plugins\mcufinder//mcu/
2026-06-17 17:55:11,957 [WARN] DbFile:41 - Overriding database path with different value: C:\Users\dmons\.stmcufinder\plugins\mcufinder/ => C:\Users\dmons\.stmcufinder\plugins\mcufinder
2026-06-17 17:55:11,958 [WARN] DbFile:41 - Overriding database path with different value: C:\Users\dmons\.stmcufinder\plugins\mcufinder/ => C:\Users\dmons\.stmcufinder\plugins\mcufinder
2026-06-17 17:55:11,958 [INFO] CrossReferenceDbSqlite:203 - Set database path to: C:\Users\dmons\.stmcufinder\plugins\mcufinder//mcu/cs/
2026-06-17 17:55:12,048 [INFO] ApplicationProperties:184 - Using Application install path: C:\ST\STM32CubeIDE_1.18.1\STM32CubeIDE\plugins\com.st.stm32cube.common.mx_6.14.1.202504091515
2026-06-17 17:55:12,056 [INFO] PluginManage:196 - Search for loadable plugins [exclusion list=, ]
2026-06-17 17:55:12,066 [INFO] PluginManage:310 - Check plugin analytics
